../Core/Src/main.c:98:5:main	40	static
../Core/Src/main.c:162:6:pretty_print_float32_vector	24	static
../Core/Src/main.c:175:6:SystemClock_Config	120	static
../Core/Src/main.c:236:13:MX_ETH_Init	8	static
../Core/Src/main.c:285:13:MX_USART3_UART_Init	8	static
../Core/Src/main.c:333:13:MX_USB_OTG_FS_PCD_Init	8	static
../Core/Src/main.c:369:13:MX_GPIO_Init	56	static
../Core/Src/main.c:435:1:__io_putchar	16	static
../Core/Src/main.c:444:1:__io_getchar	16	static
../Core/Src/main.c:459:6:Error_Handler	4	static,ignoring_inline_asm
