../Core/Src/main.c:100:5:main	72	dynamic
../Core/Src/main.c:178:6:pretty_print_float32_vector	24	static
../Core/Src/main.c:190:6:fill_vector_with_rng	24	static
../Core/Src/main.c:201:6:SystemClock_Config	120	static
../Core/Src/main.c:262:13:MX_ETH_Init	8	static
../Core/Src/main.c:311:13:MX_USART3_UART_Init	8	static
../Core/Src/main.c:359:13:MX_USB_OTG_FS_PCD_Init	8	static
../Core/Src/main.c:395:13:MX_GPIO_Init	56	static
../Core/Src/main.c:461:1:__io_putchar	16	static
../Core/Src/main.c:470:1:__io_getchar	16	static
../Core/Src/main.c:485:6:Error_Handler	4	static,ignoring_inline_asm
